<html>
<body>
<pre>
<h1>µVision Build Log</h1>
<h2>Tool Versions:</h2>
IDE-Version: ¦ÌVision V5.18.0.0
Copyright (C) 2016 ARM Ltd and ARM Germany GmbH. All rights reserved.
License Information: zhoudianqiang zhoudianqiang, zhoudianqiang, LIC=YA39H-W0ZVX-455T5-G908H-XIRFL-5J5CY
 
Tool Versions:
Toolchain:       MDK-ARM Standard  Version: 5.18
Toolchain Path:  E:\Program Files (x86)\Keil_v5\ARM\ARMCC\Bin
C Compiler:      Armcc.exe V5.06 update 1 (build 61)
Assembler:       Armasm.exe V5.06 update 1 (build 61)
Linker/Locator:  ArmLink.exe V5.06 update 1 (build 61)
Library Manager: ArmAr.exe V5.06 update 1 (build 61)
Hex Converter:   FromElf.exe V5.06 update 1 (build 61)
CPU DLL:         SARMCM3.DLL V5.18
Dialog DLL:      DCM.DLL V1.13.6.0
Target DLL:      CMSIS_AGDI.dll V1.25.7.0
Dialog DLL:      TCM.DLL V1.14.8.0
 
<h2>Project:</h2>
C:\Users\zhoudianqiang\Desktop\CAN_TEST\Project\BH-F103.uvprojx
Project File Date:  10/21/2022

<h2>Output:</h2>
*** Using Compiler 'V5.06 update 1 (build 61)', folder: 'E:\Program Files (x86)\Keil_v5\ARM\ARMCC\Bin'
Build target 'Target 1'
compiling core_cm3.c...
compiling misc.c...
compiling system_stm32f10x.c...
compiling stm32f10x_adc.c...
compiling stm32f10x_bkp.c...
compiling stm32f10x_can.c...
compiling stm32f10x_cec.c...
compiling stm32f10x_crc.c...
compiling stm32f10x_dac.c...
compiling stm32f10x_dbgmcu.c...
compiling stm32f10x_dma.c...
compiling stm32f10x_exti.c...
compiling stm32f10x_flash.c...
compiling stm32f10x_gpio.c...
compiling stm32f10x_fsmc.c...
compiling stm32f10x_pwr.c...
compiling stm32f10x_i2c.c...
compiling stm32f10x_iwdg.c...
compiling stm32f10x_rtc.c...
compiling stm32f10x_sdio.c...
compiling stm32f10x_rcc.c...
compiling stm32f10x_spi.c...
compiling stm32f10x_usart.c...
compiling stm32f10x_tim.c...
compiling stm32f10x_wwdg.c...
compiling main.c...
..\User\main.h(15): warning:  #1-D: last line of file ends without a newline
  #endif
..\HARDWARE\LED\led.h(39): warning:  #1-D: last line of file ends without a newline
  #endif
..\SYSTEM\DELAY\delay.h(12): warning:  #1-D: last line of file ends without a newline
  #endif
..\SYSTEM\USART\usart.h(6): warning:  #1295-D: Deprecated declaration USART1_Init - give arg types
  void USART1_Init();
..\SYSTEM\USART\usart.h(15): warning:  #1-D: last line of file ends without a newline
  #endif
..\HARDWARE\KEY\key.h(29): warning:  #1-D: last line of file ends without a newline
  #endif
..\HARDWARE\CAN\can1.h(24): warning:  #1-D: last line of file ends without a newline
  #endif
..\User\main.h(15): warning:  #1-D: last line of file ends without a newline
  #endif
..\User\main.c(8): warning:  #177-D: variable "value" was declared but never referenced
  	u8 value[8]={1,2,3,4,5,6,7,8};
..\User\main.c(9): warning:  #177-D: variable "ncount" was declared but never referenced
  	uint8_t ncount;
..\User\main.c: 10 warnings, 0 errors
compiling stm32f10x_it.c...
compiling led.c...
..\HARDWARE\LED\led.h(39): warning:  #1-D: last line of file ends without a newline
  #endif
..\User\main.h(15): warning:  #1-D: last line of file ends without a newline
  #endif
..\SYSTEM\DELAY\delay.h(12): warning:  #1-D: last line of file ends without a newline
  #endif
..\SYSTEM\USART\usart.h(6): warning:  #1295-D: Deprecated declaration USART1_Init - give arg types
  void USART1_Init();
..\SYSTEM\USART\usart.h(15): warning:  #1-D: last line of file ends without a newline
  #endif
..\HARDWARE\KEY\key.h(29): warning:  #1-D: last line of file ends without a newline
  #endif
..\HARDWARE\CAN\can1.h(24): warning:  #1-D: last line of file ends without a newline
  #endif
..\User\main.h(15): warning:  #1-D: last line of file ends without a newline
  #endif
..\HARDWARE\LED\led.h(39): warning:  #1-D: last line of file ends without a newline
  #endif
..\HARDWARE\LED\led.c(13): warning:  #1-D: last line of file ends without a newline
  }
..\HARDWARE\LED\led.c: 10 warnings, 0 errors
compiling key.c...
..\User\main.h(15): warning:  #1-D: last line of file ends without a newline
  #endif
..\HARDWARE\LED\led.h(39): warning:  #1-D: last line of file ends without a newline
  #endif
..\SYSTEM\DELAY\delay.h(12): warning:  #1-D: last line of file ends without a newline
  #endif
..\SYSTEM\USART\usart.h(6): warning:  #1295-D: Deprecated declaration USART1_Init - give arg types
  void USART1_Init();
..\SYSTEM\USART\usart.h(15): warning:  #1-D: last line of file ends without a newline
  #endif
..\HARDWARE\KEY\key.h(29): warning:  #1-D: last line of file ends without a newline
  #endif
..\HARDWARE\CAN\can1.h(24): warning:  #1-D: last line of file ends without a newline
  #endif
..\User\main.h(15): warning:  #1-D: last line of file ends without a newline
  #endif
..\HARDWARE\KEY\key.h(29): warning:  #1-D: last line of file ends without a newline
  #endif
..\HARDWARE\KEY\key.c(50): warning:  #1-D: last line of file ends without a newline
  /*********************************************END OF FILE**********************/
..\HARDWARE\KEY\key.c: 10 warnings, 0 errors
compiling can1.c...
..\User\main.h(15): warning:  #1-D: last line of file ends without a newline
  #endif
..\HARDWARE\LED\led.h(39): warning:  #1-D: last line of file ends without a newline
  #endif
..\SYSTEM\DELAY\delay.h(12): warning:  #1-D: last line of file ends without a newline
  #endif
..\SYSTEM\USART\usart.h(6): warning:  #1295-D: Deprecated declaration USART1_Init - give arg types
  void USART1_Init();
..\SYSTEM\USART\usart.h(15): warning:  #1-D: last line of file ends without a newline
  #endif
..\HARDWARE\KEY\key.h(29): warning:  #1-D: last line of file ends without a newline
  #endif
..\HARDWARE\CAN\can1.h(24): warning:  #1-D: last line of file ends without a newline
  #endif
..\User\main.h(15): warning:  #1-D: last line of file ends without a newline
  #endif
..\HARDWARE\CAN\can1.h(24): warning:  #1-D: last line of file ends without a newline
  #endif
..\HARDWARE\CAN\can1.c: 9 warnings, 0 errors
compiling delay.c...
..\User\main.h(15): warning:  #1-D: last line of file ends without a newline
  #endif
..\HARDWARE\LED\led.h(39): warning:  #1-D: last line of file ends without a newline
  #endif
..\SYSTEM\DELAY\delay.h(12): warning:  #1-D: last line of file ends without a newline
  #endif
..\SYSTEM\USART\usart.h(6): warning:  #1295-D: Deprecated declaration USART1_Init - give arg types
  void USART1_Init();
..\SYSTEM\USART\usart.h(15): warning:  #1-D: last line of file ends without a newline
  #endif
..\HARDWARE\KEY\key.h(29): warning:  #1-D: last line of file ends without a newline
  #endif
..\HARDWARE\CAN\can1.h(24): warning:  #1-D: last line of file ends without a newline
  #endif
..\User\main.h(15): warning:  #1-D: last line of file ends without a newline
  #endif
..\SYSTEM\DELAY\delay.h(12): warning:  #1-D: last line of file ends without a newline
  #endif
..\SYSTEM\DELAY\delay.c: 9 warnings, 0 errors
compiling usart.c...
..\User\main.h(15): warning:  #1-D: last line of file ends without a newline
  #endif
..\HARDWARE\LED\led.h(39): warning:  #1-D: last line of file ends without a newline
  #endif
..\SYSTEM\DELAY\delay.h(12): warning:  #1-D: last line of file ends without a newline
  #endif
..\SYSTEM\USART\usart.h(15): warning:  #1-D: last line of file ends without a newline
  #endif
..\HARDWARE\KEY\key.h(29): warning:  #1-D: last line of file ends without a newline
  #endif
..\HARDWARE\CAN\can1.h(24): warning:  #1-D: last line of file ends without a newline
  #endif
..\User\main.h(15): warning:  #1-D: last line of file ends without a newline
  #endif
..\SYSTEM\USART\usart.h(6): warning:  #1295-D: Deprecated declaration USART1_Init - give arg types
  void USART1_Init();
..\SYSTEM\USART\usart.h(15): warning:  #1-D: last line of file ends without a newline
  #endif
..\SYSTEM\USART\usart.c(121): warning:  #1-D: last line of file ends without a newline
  }
..\SYSTEM\USART\usart.c: 10 warnings, 0 errors
compiling sys.c...
compiling comprotocol.c...
..\Communication\comprotocol.c(1): warning:  #1-D: last line of file ends without a newline
  #include "comprotocol.h"
..\User\main.h(15): warning:  #1-D: last line of file ends without a newline
  #endif
..\HARDWARE\LED\led.h(39): warning:  #1-D: last line of file ends without a newline
  #endif
..\SYSTEM\DELAY\delay.h(12): warning:  #1-D: last line of file ends without a newline
  #endif
..\SYSTEM\USART\usart.h(6): warning:  #1295-D: Deprecated declaration USART1_Init - give arg types
  void USART1_Init();
..\SYSTEM\USART\usart.h(15): warning:  #1-D: last line of file ends without a newline
  #endif
..\HARDWARE\KEY\key.h(29): warning:  #1-D: last line of file ends without a newline
  #endif
..\HARDWARE\CAN\can1.h(24): warning:  #1-D: last line of file ends without a newline
  #endif
..\User\main.h(15): warning:  #1-D: last line of file ends without a newline
  #endif
..\Communication\comprotocol.h(7): warning:  #1-D: last line of file ends without a newline
  #endif
..\Communication\comprotocol.c: 10 warnings, 0 errors
linking...
Program Size: Code=3176 RO-data=336 RW-data=36 ZI-data=1268  
FromELF: creating hex file...
".\Objects\BH-F103.axf" - 0 Error(s), 68 Warning(s).

<h2>Collection of Component include folders:</h2>
  C:\Users\zhoudianqiang\Desktop\CAN_TEST\Project\RTE
  E:\Program Files (x86)\Keil_v5\ARM\PACK\Keil\STM32F1xx_DFP\2.3.0\Device\Include

<h2>Collection of Component Files used:</h2>
Build Time Elapsed:  00:00:23
</pre>
</body>
</html>
